// Jest Snapshot v1, https://goo.gl/fbAQLP

exports[`ERace should render as expected 1`] = `
<div
  class="erace columns"
>
  <iframe
    allowfullscreen="allowfullscreen"
    class="frame-stream column is-10-desktop is-8-tablet is-12-mobile"
    frameborder="0"
    scrolling="no"
    src="https://player.twitch.tv/?channel=asraces"
  />
   
  <iframe
    class="frame-chat column is-2-desktop is-4-tablet is-hidden-mobile"
    frameborder="0"
    scrolling="no"
    src="https://www.twitch.tv/embed/asraces/chat?darkpopout"
  />
</div>
`;
