// Jest Snapshot v1, https://goo.gl/fbAQLP

exports[`NavigationMenu should render as expected 1`] = `
<nav
  aria-label="main navigation"
  class="navbar"
  role="navigation"
>
  <div
    class="navbar-brand"
  >
    <a
      class="menu-item router-link-exact-active router-link-active"
      href="#/"
    >
      <div
        class="navbar-item navbar-logo"
      >
        <img
          alt="ADG Official"
          height="38"
          src="../../assets/logo.png"
        />
      </div>
    </a>
     
    <a
      aria-expanded="false"
      aria-label="menu"
      class="navbar-burger"
      role="button"
    >
      <span
        aria-hidden="true"
      />
       
      <span
        aria-hidden="true"
      />
       
      <span
        aria-hidden="true"
      />
    </a>
  </div>
   
  <div
    class="navbar-menu"
  >
    <div
      class="navbar-start"
    >
      <a
        class="menu-item router-link-exact-active router-link-active"
        href="#/"
      >
        <a
          class="navbar-item navbar-router"
        >
          Home
        </a>
      </a>
      <a
        class="menu-item"
        href="#/blog"
      >
        <a
          class="navbar-item navbar-router"
        >
          Blog
        </a>
      </a>
      <a
        class="menu-item"
        href="#/design"
      >
        <a
          class="navbar-item navbar-router"
        >
          Design
        </a>
      </a>
      <a
        class="menu-item"
        href="#/projects"
      >
        <a
          class="navbar-item navbar-router"
        >
          Projects
        </a>
      </a>
    </div>
  </div>
</nav>
`;
