// Jest Snapshot v1, https://goo.gl/fbAQLP

exports[`App should render as expected 1`] = `
<div
  class="application theme--light"
  data-app="true"
  id="app"
>
  <div
    class="application--wrap"
  >
    <nav
      class="v-toolbar v-toolbar--fixed theme--light"
      style="margin-top: 0px; padding-right: 0px; padding-left: 0px; transform: translateY(0px);"
    >
      <div
        class="v-toolbar__content"
        style="height: 64px;"
      >
        <div
          class="v-toolbar__title headline text-uppercase"
        >
          <img
            class="logo"
            src="../../assets/logo.png"
            width="63px"
          />
        </div>
         
        <div
          class="spacer"
        />
      </div>
    </nav>
     
    <main
      class="v-content"
      id="content"
      style="padding: 64px 0px 0px 0px;"
    >
      <div
        class="v-content__wrap"
      >
        
    Hello
  
      </div>
    </main>
  </div>
</div>
`;
