// Jest Snapshot v1, https://goo.gl/fbAQLP

exports[`HomeCard should render as expected 1`] = `
<div
  class="card column dark"
>
  <div
    class="card-content"
  >
    <h3
      class="card-title"
    >
      WORK EXPERIENCE
    </h3>
     
    <p
      class="item"
      style="border-left: 3px solid #FF0000;"
    >
      <b>
        2012
      </b>
       - iOS Internship
    </p>
    <p
      class="item"
      style="border-left: 3px solid #FF0000;"
    >
      <b>
        2013
      </b>
       - iOS Developer
    </p>
    <p
      class="item"
      style="border-left: 3px solid #FF0000;"
    >
      <b>
        2014
      </b>
       - Mobile Developer
    </p>
    <p
      class="item"
      style="border-left: 3px solid #FF0000;"
    >
      <b>
        2015
      </b>
       - Mobile Developer & Analyst
    </p>
    <p
      class="item"
      style="border-left: 3px solid #FF0000;"
    >
      <b>
        2016
      </b>
       - Mobile Developer, Analyst Designer
    </p>
    <p
      class="item"
      style="border-left: 3px solid #FF0000;"
    >
      <b>
        2017
      </b>
       - Mobile Lead
    </p>
    <p
      class="item"
      style="border-left: 3px solid #00D1FF;"
    >
      <b>
        2018
      </b>
       - Frontend Developer
    </p>
    <p
      class="item"
      style="border-left: 3px solid #00D1FF;"
    >
      <b>
        Now
      </b>
       - Senior Frontend Developer
    </p>
  </div>
</div>
`;
