// Jest Snapshot v1, https://goo.gl/fbAQLP

exports[`Home should render as expected 1`] = `
<div
  class="home"
>
  <div
    class="container"
  >
    <div
      class="absolute columns"
    >
      <div>
        <img
          alt="profile image"
          class="profile"
          src="../../../assets/profile.jpg"
        />
      </div>
       
      <div
        class="column text-container"
      >
        <h2
          class="title"
        >
          Welcome to my &lt;space/&gt;
        </h2>
         
        <h3
          class="subtitle"
        >
          WHO AM I?
        </h3>
         
        <p
          class="description"
        >
          I'm a enthusiast Software developer but first of all I consider myself as ethernal curious,&lt;/br&gt; that loves to learn, new things everyday.
        </p>
      </div>
    </div>
     
    <nav
      class="columns"
    >
      <div
        class="column first"
      />
       
      <div
        class="column"
      />
       
      <div
        class="column"
      />
       
      <div
        class="column"
      />
       
      <div
        class="column"
      />
       
      <div
        class="column"
      />
    </nav>
  </div>
   
  <div
    class="card-container"
  >
    <div
      class="columns"
    >
      <div
        class="column home-card"
      >
        <div
          class="card column dark"
        >
          <div
            class="card-content"
          >
            <h3
              class="card-title"
            >
              WORK EXPERIENCE
            </h3>
             
            <p
              class="item"
              style="border-left: 3px solid #FF0000;"
            >
              2012 - iOS Internship
            </p>
            <p
              class="item"
              style="border-left: 3px solid #FF0000;"
            >
              2013 - iOS Developer
            </p>
            <p
              class="item"
              style="border-left: 3px solid #FF0000;"
            >
              2014 - Mobile Developer
            </p>
            <p
              class="item"
              style="border-left: 3px solid #FF0000;"
            >
              2015 - Mobile Developer & Analyst
            </p>
            <p
              class="item"
              style="border-left: 3px solid #FF0000;"
            >
              2016 - Mobile Developer, Analyst Designer
            </p>
            <p
              class="item"
              style="border-left: 3px solid #FF0000;"
            >
              2017 - Mobile Lead
            </p>
            <p
              class="item"
              style="border-left: 3px solid #00D1FF;"
            >
              2018 - Frontend Developer
            </p>
            <p
              class="item"
              style="border-left: 3px solid #00D1FF;"
            >
              Now - Senior Frontend Developer
            </p>
          </div>
        </div>
      </div>
      <div
        class="column home-card"
      >
        <div
          class="card column"
        >
          <div
            class="card-content"
          >
            <h3
              class="card-title"
            >
              SKILLS
            </h3>
             
            <p
              class="item"
              style="border-left: 3px solid #FF0000;"
            >
              iOS - [Obj-C, Swift, React Native]
            </p>
            <p
              class="item"
              style="border-left: 3px solid #FF0000;"
            >
              Android - [Java, Swift, React Native]
            </p>
            <p
              class="item"
              style="border-left: 3px solid #00D1FF;"
            >
              Web - [Vue, React]
            </p>
            <p
              class="item"
              style="border-left: 3px solid #00D1FF;"
            >
              Unit Testing - [Jest]
            </p>
            <p
              class="item"
              style="border-left: 3px solid #00D1FF;"
            >
              E2E Testing - [Cypress]
            </p>
            <p
              class="item"
              style="border-left: 3px solid #151616;"
            >
              Design - [Invision Studio, Sketch, Photoshop]
            </p>
            <p
              class="item"
              style="border-left: 3px solid #151616;"
            >
              CI/CD - [Travis CI, Circle CI, CodeClimate, Jenkins, Heroku]
            </p>
            <p
              class="item"
              style="border-left: 3px solid #151616;"
            >
              Devops - [Docker, Kubernetes]
            </p>
          </div>
        </div>
      </div>
    </div>
  </div>
</div>
`;
