// Jest Snapshot v1, https://goo.gl/fbAQLP

exports[`Home should render as expected 1`] = `
<div
  class="home"
>
  <div
    class="container is-hidden-touch"
  >
    <div
      class="absolute columns"
    >
      <div>
        <img
          alt="profile image"
          class="profile"
          src="../../../assets/profile.jpg"
        />
      </div>
       
      <div
        class="column text-container"
      >
        <h2
          class="title"
        >
          Welcome to my &lt;space/&gt;
        </h2>
         
        <h3
          class="subtitle"
        >
          WHO AM I?
        </h3>
         
        <p
          class="description"
        >
          I'm a 
          <b>
            enthusiast
          </b>
           Software developer but first of all I consider myself as ethernal curious,
          <br />
           that loves to 
          <b>
            learn
          </b>
          , new things everyday.
        </p>
      </div>
    </div>
     
    <nav
      class="columns"
    >
      <div
        class="column first"
      />
       
      <div
        class="column"
      />
       
      <div
        class="column"
      />
       
      <div
        class="column"
      />
       
      <div
        class="column"
      />
       
      <div
        class="column"
      />
    </nav>
  </div>
   
  <div
    class="card-container"
  >
    <div
      class="columns"
    >
      <div
        class="column home-card"
      >
        <div
          class="card column dark"
        >
          <div
            class="card-content"
          >
            <h3
              class="card-title"
            >
              WORK EXPERIENCE
            </h3>
             
            <p
              class="item"
              style="border-left: 3px solid #FF0000;"
            >
              <b>
                2012
              </b>
               - iOS Internship
            </p>
            <p
              class="item"
              style="border-left: 3px solid #FF0000;"
            >
              <b>
                2013
              </b>
               - iOS Developer
            </p>
            <p
              class="item"
              style="border-left: 3px solid #FF0000;"
            >
              <b>
                2014
              </b>
               - Mobile Developer
            </p>
            <p
              class="item"
              style="border-left: 3px solid #FF0000;"
            >
              <b>
                2015
              </b>
               - Mobile Developer & Analyst
            </p>
            <p
              class="item"
              style="border-left: 3px solid #FF0000;"
            >
              <b>
                2016
              </b>
               - Mobile Developer, Analyst Designer
            </p>
            <p
              class="item"
              style="border-left: 3px solid #FF0000;"
            >
              <b>
                2017
              </b>
               - Mobile Lead
            </p>
            <p
              class="item"
              style="border-left: 3px solid #00D1FF;"
            >
              <b>
                2018
              </b>
               - Frontend Developer
            </p>
            <p
              class="item"
              style="border-left: 3px solid #00D1FF;"
            >
              <b>
                Now
              </b>
               - Senior Frontend Developer
            </p>
          </div>
        </div>
      </div>
      <div
        class="column home-card"
      >
        <div
          class="card column"
        >
          <div
            class="card-content"
          >
            <h3
              class="card-title"
            >
              SKILLS
            </h3>
             
            <p
              class="item"
              style="border-left: 3px solid #FF0000;"
            >
              <b>
                iOS
              </b>
               - [Obj-C, Swift, React Native]
            </p>
            <p
              class="item"
              style="border-left: 3px solid #FF0000;"
            >
              <b>
                Android
              </b>
               - [Java, Swift, React Native]
            </p>
            <p
              class="item"
              style="border-left: 3px solid #00D1FF;"
            >
              <b>
                Web
              </b>
               - [Vue, React]
            </p>
            <p
              class="item"
              style="border-left: 3px solid #00D1FF;"
            >
              <b>
                Unit Testing
              </b>
               - [Jest]
            </p>
            <p
              class="item"
              style="border-left: 3px solid #00D1FF;"
            >
              <b>
                E2E Testing
              </b>
               - [Cypress]
            </p>
            <p
              class="item"
              style="border-left: 3px solid #151616;"
            >
              <b>
                Design
              </b>
               - [Invision Studio, Sketch, Photoshop]
            </p>
            <p
              class="item"
              style="border-left: 3px solid #151616;"
            >
              <b>
                CI/CD
              </b>
               - [Travis CI, Circle CI, CodeClimate, Jenkins, Heroku]
            </p>
            <p
              class="item"
              style="border-left: 3px solid #151616;"
            >
              <b>
                Devops
              </b>
               - [Docker, Kubernetes]
            </p>
          </div>
        </div>
      </div>
    </div>
  </div>
   
  <div
    class="square-container"
  >
    <div
      class="square-row"
    >
      <div
        class="columns"
      >
        <div
          class="column square-card"
        >
          <div
            class="square-card"
            style="background-color: rgb(21, 22, 22);"
          >
            <a
              href="https://github.com/trisgerra"
              target="_blank"
            >
              <h3>
                GIT
              </h3>
            </a>
          </div>
        </div>
        <div
          class="column square-card"
        >
          <div
            class="square-card"
            style="background-color: rgb(45, 47, 47);"
          >
            <a
              href="https://www.linkedin.com/in/a-digiacomo/"
              target="_blank"
            >
              <h3>
                LINKEDIN
              </h3>
            </a>
          </div>
        </div>
        <div
          class="column square-card"
        >
          <div
            class="square-card"
            style="background-color: rgb(73, 74, 74);"
          >
            <a
              href="https://apps.apple.com/it/app/proteit/id1149272279?l=en"
              target="_blank"
            >
              <h3>
                PROTEIT
              </h3>
            </a>
          </div>
        </div>
        <div
          class="column square-card"
        >
          <div
            class="square-card"
            style="background-color: rgb(108, 108, 108);"
          >
            <a
              href="https://play.google.com/store/apps/details?id=it.asfitness.android.app.vapor.vapor&hl=it"
              target="_blank"
            >
              <h3>
                VAPOR
              </h3>
            </a>
          </div>
        </div>
      </div>
    </div>
    <div
      class="square-row"
    >
      <div
        class="columns"
      >
        <div
          class="column square-card"
        >
          <div
            class="square-card"
            style="background-color: rgb(108, 108, 108);"
          >
            <h3>
              BLOG
            </h3>
          </div>
        </div>
        <div
          class="column square-card"
        >
          <div
            class="square-card"
            style="background-color: rgb(73, 74, 74);"
          >
            <h3>
              FITNESS
            </h3>
          </div>
        </div>
        <div
          class="column square-card"
        >
          <div
            class="square-card"
            style="background-color: rgb(45, 47, 47);"
          >
            <a
              href="mailto:andrea.digiacomo@live.it"
              target="_blank"
            >
              <h3>
                CONTACT
              </h3>
            </a>
          </div>
        </div>
        <div
          class="column square-card"
        >
          <div
            class="square-card"
            style="background-color: rgb(21, 22, 22);"
          >
            <h3>
              :)
            </h3>
          </div>
        </div>
      </div>
    </div>
  </div>
</div>
`;
